Global variables:
	glob at 6:0
Global constants:
	LS at 7:0
Global functions:
	process_js at 9:9
